
> frontend@0.1.0 build
> next build

Γû▓ Next.js 16.1.6 (Turbopack)
- Environments: .env

  Creating an optimized production build ...
node.exe : 
At line:1 char:1
+ & 
"C:\nvm4w\nodejs/node.exe" "C
:\nvm4w\nodejs/node_modules/n
pm/bin/np ...
+ ~~~~~~~~~~~~~~~~~~~~~~~~~~~
~~~~~~~~~~~~~~~~~~~~~~~~~~~~~
~~~~~~~~~~~~~
    + CategoryInfo           
   : NotSpecified: (:String  
  ) [], RemoteException
    + FullyQualifiedErrorId  
   : NativeCommandError
 
> Build error occurred
Error: Turbopack build 
failed with 3 errors:
./components/Map.tsx:6:1
Module not found: Can't 
resolve 'leaflet'
[0m [90m 4 |[39m 
[36mimport[39m { [33mMapCo
ntainer[39m[33m,[39m [33m
TileLayer[39m[33m,[39m 
[33mMarker[39m[33m,[39m 
[33mPopup[39m[33m,[39m 
useMap } [36mfrom[39m [32m
'react-leaflet'[39m[33m;[3
9m
 [90m 5 |[39m 
[36mimport[39m [32m'leafle
t/dist/leaflet.css'[39m[33m
;[39m
[31m[1m>[22m[39m[90m 6 
|[39m [36mimport[39m 
[33mL[39m [36mfrom[39m [
32m'leaflet'[39m[33m;[39m
 [90m   |[39m [31m[1m^[2
2m[39m[31m[1m^[22m[39m[
31m[1m^[22m[39m[31m[1m^
[22m[39m[31m[1m^[22m[39m
[31m[1m^[22m[39m[31m[1m
^[22m[39m[31m[1m^[22m[3
9m[31m[1m^[22m[39m[31m[
1m^[22m[39m[31m[1m^[22m
[39m[31m[1m^[22m[39m[31m
[1m^[22m[39m[31m[1m^[22
m[39m[31m[1m^[22m[39m[3
1m[1m^[22m[39m[31m[1m^[
22m[39m[31m[1m^[22m[39m
[31m[1m^[22m[39m[31m[1m^
[22m[39m[31m[1m^[22m[39
m[31m[1m^[22m[39m[31m[1
m^[22m[39m[31m[1m^[22m[
39m
 [90m 7 |[39m
 [90m 8 |[39m [90m// Fix 
for default marker icon in 
react-leaflet[39m
 [90m 9 |[39m 
[36mconst[39m 
[33mDefaultIcon[39m 
[33m=[39m [33mL[39m[33m.
[39micon({[0m



Import trace:
  Client Component Browser:
    ./components/Map.tsx 
[Client Component Browser]
    ./app/book/page.tsx 
[Client Component Browser]
    ./app/book/page.tsx 
[Server Component]

https://nextjs.org/docs/messa
ges/module-not-found


./components/Map.tsx:5:1
Module not found: Can't 
resolve 
'leaflet/dist/leaflet.css'
[0m [90m 3 |[39m 
[36mimport[39m { useEffect 
} [36mfrom[39m 
[32m'react'[39m[33m;[39m
 [90m 4 |[39m 
[36mimport[39m { [33mMapCo
ntainer[39m[33m,[39m [33m
TileLayer[39m[33m,[39m 
[33mMarker[39m[33m,[39m 
[33mPopup[39m[33m,[39m 
useMap } [36mfrom[39m [32m
'react-leaflet'[39m[33m;[3
9m
[31m[1m>[22m[39m[90m 5 
|[39m [36mimport[39m [32m
'leaflet/dist/leaflet.css'[3
9m[33m;[39m
 [90m   |[39m [31m[1m^[2
2m[39m[31m[1m^[22m[39m[
31m[1m^[22m[39m[31m[1m^
[22m[39m[31m[1m^[22m[39m
[31m[1m^[22m[39m[31m[1m
^[22m[39m[31m[1m^[22m[3
9m[31m[1m^[22m[39m[31m[
1m^[22m[39m[31m[1m^[22m
[39m[31m[1m^[22m[39m[31m
[1m^[22m[39m[31m[1m^[22
m[39m[31m[1m^[22m[39m[3
1m[1m^[22m[39m[31m[1m^[
22m[39m[31m[1m^[22m[39m
[31m[1m^[22m[39m[31m[1m^
[22m[39m[31m[1m^[22m[39
m[31m[1m^[22m[39m[31m[1
m^[22m[39m[31m[1m^[22m[
39m[31m[1m^[22m[39m[31m
[1m^[22m[39m[31m[1m^[22m
[39m[31m[1m^[22m[39m[31
m[1m^[22m[39m[31m[1m^[2
2m[39m[31m[1m^[22m[39m[
31m[1m^[22m[39m[31m[1m^
[22m[39m[31m[1m^[22m[39m
 [90m 6 |[39m 
[36mimport[39m [33mL[39m 
[36mfrom[39m [32m'leaflet'
[39m[33m;[39m
 [90m 7 |[39m
 [90m 8 |[39m [90m// Fix 
for default marker icon in 
react-leaflet[39m[0m



Import trace:
  Client Component Browser:
    ./components/Map.tsx 
[Client Component Browser]
    ./app/book/page.tsx 
[Client Component Browser]
    ./app/book/page.tsx 
[Server Component]

https://nextjs.org/docs/messa
ges/module-not-found


./components/Map.tsx:4:1
Module not found: Can't 
resolve 'react-leaflet'
[0m [90m 2 |[39m
 [90m 3 |[39m 
[36mimport[39m { useEffect 
} [36mfrom[39m 
[32m'react'[39m[33m;[39m
[31m[1m>[22m[39m[90m 4 
|[39m [36mimport[39m { [3
3mMapContainer[39m[33m,[39
m [33mTileLayer[39m[33m,[
39m 
[33mMarker[39m[33m,[39m 
[33mPopup[39m[33m,[39m 
useMap } [36mfrom[39m [32m
'react-leaflet'[39m[33m;[3
9m
 [90m   |[39m [31m[1m^[2
2m[39m[31m[1m^[22m[39m[
31m[1m^[22m[39m[31m[1m^
[22m[39m[31m[1m^[22m[39m
[31m[1m^[22m[39m[31m[1m
^[22m[39m[31m[1m^[22m[3
9m[31m[1m^[22m[39m[31m[
1m^[22m[39m[31m[1m^[22m
[39m[31m[1m^[22m[39m[31m
[1m^[22m[39m[31m[1m^[22
m[39m[31m[1m^[22m[39m[3
1m[1m^[22m[39m[31m[1m^[
22m[39m[31m[1m^[22m[39m
[31m[1m^[22m[39m[31m[1m^
[22m[39m[31m[1m^[22m[39
m[31m[1m^[22m[39m[31m[1
m^[22m[39m[31m[1m^[22m[
39m[31m[1m^[22m[39m[31m
[1m^[22m[39m[31m[1m^[22m
[39m[31m[1m^[22m[39m[31
m[1m^[22m[39m[31m[1m^[2
2m[39m[31m[1m^[22m[39m[
31m[1m^[22m[39m[31m[1m^
[22m[39m[31m[1m^[22m[39m
[31m[1m^[22m[39m[31m[1m
^[22m[39m[31m[1m^[22m[3
9m[31m[1m^[22m[39m[31m[
1m^[22m[39m[31m[1m^[22m
[39m[31m[1m^[22m[39m[31m
[1m^[22m[39m[31m[1m^[22
m[39m[31m[1m^[22m[39m[3
1m[1m^[22m[39m[31m[1m^[
22m[39m[31m[1m^[22m[39m
[31m[1m^[22m[39m[31m[1m^
[22m[39m[31m[1m^[22m[39
m[31m[1m^[22m[39m[31m[1
m^[22m[39m[31m[1m^[22m[
39m[31m[1m^[22m[39m[31m
[1m^[22m[39m[31m[1m^[22m
[39m[31m[1m^[22m[39m[31
m[1m^[22m[39m[31m[1m^[2
2m[39m[31m[1m^[22m[39m[
31m[1m^[22m[39m[31m[1m^
[22m[39m[31m[1m^[22m[39m
[31m[1m^[22m[39m[31m[1m
^[22m[39m[31m[1m^[22m[3
9m[31m[1m^[22m[39m[31m[
1m^[22m[39m[31m[1m^[22m
[39m[31m[1m^[22m[39m[31m
[1m^[22m[39m[31m[1m^[22
m[39m[31m[1m^[22m[39m[3
1m[1m^[22m[39m[31m[1m^[
22m[39m[31m[1m^[22m[39m
[31m[1m^[22m[39m[31m[1m^
[22m[39m[31m[1m^[22m[39
m
 [90m 5 |[39m 
[36mimport[39m [32m'leafle
t/dist/leaflet.css'[39m[33m
;[39m
 [90m 6 |[39m 
[36mimport[39m [33mL[39m 
[36mfrom[39m [32m'leaflet'
[39m[33m;[39m
 [90m 7 |[39m[0m



Import trace:
  Client Component Browser:
    ./components/Map.tsx 
[Client Component Browser]
    ./app/book/page.tsx 
[Client Component Browser]
    ./app/book/page.tsx 
[Server Component]

https://nextjs.org/docs/messa
ges/module-not-found


    at <unknown> 
(./components/Map.tsx:6:1)
    at <unknown> (https://nex
tjs.org/docs/messages/module-
not-found)
    at <unknown> 
(./components/Map.tsx:5:1)
    at <unknown> (https://nex
tjs.org/docs/messages/module-
not-found)
    at <unknown> 
(./components/Map.tsx:4:1)
    at <unknown> (https://nex
tjs.org/docs/messages/module-
not-found)
